// Vitest Snapshot v1, https://vitest.dev/guide/snapshot.html

exports[`ENDPOINTS snapshot > API_BASE is stable 1`] = `"/api/v1"`;

exports[`ENDPOINTS snapshot > every endpoint in the registry 1`] = `
[
  {
    "kind": "string",
    "path": "ENDPOINTS.ACTIVITY_HEATMAP",
    "value": "/study/activity-heatmap/",
  },
  {
    "kind": "string",
    "path": "ENDPOINTS.ADMIN.ACTIVE_USERS",
    "value": "/auth/admin/active-users/",
  },
  {
    "arity": 1,
    "kind": "function",
    "path": "ENDPOINTS.ADMIN.FLAG_RESOLVE",
    "value": "/questions/admin/flags/1/resolve/",
  },
  {
    "kind": "string",
    "path": "ENDPOINTS.ADMIN.FLAGS",
    "value": "/questions/admin/flags/",
  },
  {
    "kind": "string",
    "path": "ENDPOINTS.ADMIN.HISTORY",
    "value": "/admin/history/",
  },
  {
    "kind": "string",
    "path": "ENDPOINTS.ADMIN.REFRESH_AUTHOR_RANKS",
    "value": "/admin/refresh-author-ranks/",
  },
  {
    "kind": "string",
    "path": "ENDPOINTS.ADMIN.SEED_SAMPLE_QUESTIONS",
    "value": "/admin/seed-sample-questions/",
  },
  {
    "kind": "string",
    "path": "ENDPOINTS.ADMIN.SETTINGS",
    "value": "/admin/settings/",
  },
  {
    "arity": 1,
    "kind": "function",
    "path": "ENDPOINTS.ADMIN.TAG_DELETE",
    "value": "/questions/admin/tags/1/delete/",
  },
  {
    "kind": "string",
    "path": "ENDPOINTS.ADMIN.TAG_MERGE",
    "value": "/questions/admin/tags/merge/",
  },
  {
    "arity": 1,
    "kind": "function",
    "path": "ENDPOINTS.ADMIN.TAG_RENAME",
    "value": "/questions/admin/tags/1/rename/",
  },
  {
    "kind": "string",
    "path": "ENDPOINTS.ADMIN.TAGS_TREE",
    "value": "/questions/admin/tags/tree/",
  },
  {
    "arity": 1,
    "kind": "function",
    "path": "ENDPOINTS.ADMIN.USER",
    "value": "/auth/admin/users/1/",
  },
  {
    "arity": 1,
    "kind": "function",
    "path": "ENDPOINTS.ADMIN.USER_RESET_PASSWORD",
    "value": "/auth/admin/users/1/reset-password/",
  },
  {
    "arity": 1,
    "kind": "function",
    "path": "ENDPOINTS.ADMIN.USER_TOGGLE",
    "value": "/auth/admin/users/1/toggle/",
  },
  {
    "kind": "string",
    "path": "ENDPOINTS.ADMIN.USERS",
    "value": "/auth/admin/users/",
  },
  {
    "kind": "string",
    "path": "ENDPOINTS.ADMIN.VERIFICATION_STATS",
    "value": "/analytics/verification-stats/",
  },
  {
    "kind": "string",
    "path": "ENDPOINTS.ANALYTICS.ACTIVE_USERS",
    "value": "/analytics/active-users/",
  },
  {
    "kind": "string",
    "path": "ENDPOINTS.ANALYTICS.ADMIN_AUTHOR_FLAG_RATE",
    "value": "/analytics/admin/author-flag-rate/",
  },
  {
    "kind": "string",
    "path": "ENDPOINTS.ANALYTICS.ADMIN_COHORT_COMPARISON",
    "value": "/analytics/admin/cohort-comparison/",
  },
  {
    "kind": "string",
    "path": "ENDPOINTS.ANALYTICS.ADMIN_DIFFICULTY_CALIBRATION",
    "value": "/analytics/admin/difficulty-calibration/",
  },
  {
    "kind": "string",
    "path": "ENDPOINTS.ANALYTICS.ADMIN_EXAM_DURATION",
    "value": "/analytics/admin/exam-duration/",
  },
  {
    "kind": "string",
    "path": "ENDPOINTS.ANALYTICS.ADMIN_WEEKLY_RETENTION",
    "value": "/analytics/admin/retention/",
  },
  {
    "kind": "string",
    "path": "ENDPOINTS.ANALYTICS.CATEGORY_MASTERY",
    "value": "/analytics/category-mastery/",
  },
  {
    "kind": "string",
    "path": "ENDPOINTS.ANALYTICS.STREAK_HISTORY",
    "value": "/analytics/streak-history/",
  },
  {
    "kind": "string",
    "path": "ENDPOINTS.ANALYTICS.SUMMARY",
    "value": "/analytics/summary/",
  },
  {
    "kind": "string",
    "path": "ENDPOINTS.AUTH.CHANGE_PASSWORD",
    "value": "/auth/change-password/",
  },
  {
    "kind": "string",
    "path": "ENDPOINTS.AUTH.CSRF",
    "value": "/auth/csrf/",
  },
  {
    "kind": "string",
    "path": "ENDPOINTS.AUTH.LOGIN",
    "value": "/auth/login/",
  },
  {
    "kind": "string",
    "path": "ENDPOINTS.AUTH.LOGOUT",
    "value": "/auth/logout/",
  },
  {
    "kind": "string",
    "path": "ENDPOINTS.AUTH.ME",
    "value": "/auth/me/",
  },
  {
    "kind": "string",
    "path": "ENDPOINTS.BOOKMARKS.BASE",
    "value": "/questions/bookmarks/",
  },
  {
    "kind": "string",
    "path": "ENDPOINTS.BOOKMARKS.COUNT",
    "value": "/questions/bookmarks/count/",
  },
  {
    "arity": 1,
    "kind": "function",
    "path": "ENDPOINTS.BOOKMARKS.TOGGLE",
    "value": "/questions/1/bookmark/",
  },
  {
    "kind": "string",
    "path": "ENDPOINTS.CATEGORIES.BASE",
    "value": "/questions/categories/",
  },
  {
    "kind": "string",
    "path": "ENDPOINTS.CATEGORIES.CREATE",
    "value": "/questions/categories/create/",
  },
  {
    "arity": 1,
    "kind": "function",
    "path": "ENDPOINTS.CATEGORIES.DELETE",
    "value": "/questions/categories/1/delete/",
  },
  {
    "arity": 1,
    "kind": "function",
    "path": "ENDPOINTS.CATEGORIES.UPDATE",
    "value": "/questions/categories/1/update/",
  },
  {
    "kind": "string",
    "path": "ENDPOINTS.CONFIG",
    "value": "/config/",
  },
  {
    "kind": "string",
    "path": "ENDPOINTS.DATABASE.BACKUP",
    "value": "/database/backup/",
  },
  {
    "kind": "string",
    "path": "ENDPOINTS.DATABASE.BACKUPS",
    "value": "/database/backups/",
  },
  {
    "kind": "string",
    "path": "ENDPOINTS.DATABASE.CLEAR",
    "value": "/database/clear/",
  },
  {
    "kind": "string",
    "path": "ENDPOINTS.DATABASE.DATA_QUALITY",
    "value": "/database/data-quality/",
  },
  {
    "arity": 1,
    "kind": "function",
    "path": "ENDPOINTS.DATABASE.EXPORT",
    "value": "/database/export/1/",
  },
  {
    "kind": "string",
    "path": "ENDPOINTS.DATABASE.EXPORT_STATE",
    "value": "/database/export/state/",
  },
  {
    "arity": 1,
    "kind": "function",
    "path": "ENDPOINTS.DATABASE.EXPORT_VERIFIED",
    "value": "/database/export/1/verified/",
  },
  {
    "kind": "string",
    "path": "ENDPOINTS.DATABASE.IMPORT",
    "value": "/database/import/",
  },
  {
    "kind": "string",
    "path": "ENDPOINTS.DATABASE.IMPORT_STATE",
    "value": "/database/import/state/",
  },
  {
    "kind": "string",
    "path": "ENDPOINTS.DATABASE.IMPORT_TELEGRAM",
    "value": "/database/import/telegram/",
  },
  {
    "kind": "string",
    "path": "ENDPOINTS.DATABASE.INFO",
    "value": "/database/info/",
  },
  {
    "kind": "string",
    "path": "ENDPOINTS.DATABASE.RESTORE",
    "value": "/database/restore/",
  },
  {
    "kind": "string",
    "path": "ENDPOINTS.EXAM.ANSWER",
    "value": "/exam/answer/",
  },
  {
    "arity": 1,
    "kind": "function",
    "path": "ENDPOINTS.EXAM.BLUEPRINT",
    "value": "/exam/blueprints/1/",
  },
  {
    "kind": "string",
    "path": "ENDPOINTS.EXAM.BLUEPRINTS",
    "value": "/exam/blueprints/",
  },
  {
    "kind": "string",
    "path": "ENDPOINTS.EXAM.DISCARD",
    "value": "/exam/discard/",
  },
  {
    "kind": "string",
    "path": "ENDPOINTS.EXAM.PAUSE",
    "value": "/exam/pause/",
  },
  {
    "kind": "string",
    "path": "ENDPOINTS.EXAM.QUESTION",
    "value": "/exam/question/",
  },
  {
    "kind": "string",
    "path": "ENDPOINTS.EXAM.RESULTS",
    "value": "/exam/results/",
  },
  {
    "kind": "string",
    "path": "ENDPOINTS.EXAM.RESUME",
    "value": "/exam/resume/",
  },
  {
    "kind": "string",
    "path": "ENDPOINTS.EXAM.START",
    "value": "/exam/start/exam/",
  },
  {
    "kind": "string",
    "path": "ENDPOINTS.EXAM.STATUS",
    "value": "/exam/status/",
  },
  {
    "arity": 1,
    "kind": "function",
    "path": "ENDPOINTS.GROUPS.ADMIN_DETAIL",
    "value": "/study/admin/groups/1/",
  },
  {
    "kind": "string",
    "path": "ENDPOINTS.GROUPS.ADMIN_LIST",
    "value": "/study/admin/groups/",
  },
  {
    "arity": 2,
    "kind": "function",
    "path": "ENDPOINTS.GROUPS.ADMIN_MEMBER",
    "value": "/study/admin/groups/1/members/1/",
  },
  {
    "arity": 1,
    "kind": "function",
    "path": "ENDPOINTS.GROUPS.ADMIN_MEMBERS",
    "value": "/study/admin/groups/1/members/",
  },
  {
    "arity": 1,
    "kind": "function",
    "path": "ENDPOINTS.GROUPS.LEADERBOARD",
    "value": "/study/groups/1/leaderboard/",
  },
  {
    "kind": "string",
    "path": "ENDPOINTS.GROUPS.MINE",
    "value": "/study/groups/mine/",
  },
  {
    "arity": 1,
    "kind": "function",
    "path": "ENDPOINTS.GROUPS.VISIBILITY",
    "value": "/study/groups/1/visibility/",
  },
  {
    "kind": "string",
    "path": "ENDPOINTS.HISTORY.BASE",
    "value": "/history/",
  },
  {
    "arity": 1,
    "kind": "function",
    "path": "ENDPOINTS.MASTER_EXAMS.ACKNOWLEDGE",
    "value": "/exam/master/1/acknowledge/",
  },
  {
    "arity": 1,
    "kind": "function",
    "path": "ENDPOINTS.MASTER_EXAMS.ADD_DRAFT",
    "value": "/exam/master/1/drafts/",
  },
  {
    "arity": 1,
    "kind": "function",
    "path": "ENDPOINTS.MASTER_EXAMS.ADD_QUESTIONS",
    "value": "/exam/master/1/questions/add/",
  },
  {
    "arity": 1,
    "kind": "function",
    "path": "ENDPOINTS.MASTER_EXAMS.ATTEMPT_ANSWER",
    "value": "/exam/master/1/attempt/answer/",
  },
  {
    "arity": 1,
    "kind": "function",
    "path": "ENDPOINTS.MASTER_EXAMS.ATTEMPT_FINISH",
    "value": "/exam/master/1/attempt/finish/",
  },
  {
    "arity": 1,
    "kind": "function",
    "path": "ENDPOINTS.MASTER_EXAMS.ATTEMPT_FLAG",
    "value": "/exam/master/1/attempt/flag/",
  },
  {
    "arity": 1,
    "kind": "function",
    "path": "ENDPOINTS.MASTER_EXAMS.ATTEMPT_GOTO",
    "value": "/exam/master/1/attempt/goto/",
  },
  {
    "arity": 1,
    "kind": "function",
    "path": "ENDPOINTS.MASTER_EXAMS.ATTEMPT_QUESTION",
    "value": "/exam/master/1/attempt/question/",
  },
  {
    "arity": 1,
    "kind": "function",
    "path": "ENDPOINTS.MASTER_EXAMS.ATTEMPT_STATUS",
    "value": "/exam/master/1/attempt/status/",
  },
  {
    "arity": 1,
    "kind": "function",
    "path": "ENDPOINTS.MASTER_EXAMS.CANCEL",
    "value": "/exam/master/1/cancel/",
  },
  {
    "arity": 1,
    "kind": "function",
    "path": "ENDPOINTS.MASTER_EXAMS.DETAIL",
    "value": "/exam/master/1/",
  },
  {
    "arity": 1,
    "kind": "function",
    "path": "ENDPOINTS.MASTER_EXAMS.DRAFT_DETAIL",
    "value": "/exam/master/drafts/1/",
  },
  {
    "kind": "string",
    "path": "ENDPOINTS.MASTER_EXAMS.DRAFTS_LIBRARY",
    "value": "/exam/master/drafts/",
  },
  {
    "kind": "string",
    "path": "ENDPOINTS.MASTER_EXAMS.LIST",
    "value": "/exam/master/",
  },
  {
    "kind": "string",
    "path": "ENDPOINTS.MASTER_EXAMS.NEEDS_ACK",
    "value": "/exam/master/needs-acknowledgement/",
  },
  {
    "arity": 1,
    "kind": "function",
    "path": "ENDPOINTS.MASTER_EXAMS.PUBLISH",
    "value": "/exam/master/1/publish/",
  },
  {
    "arity": 1,
    "kind": "function",
    "path": "ENDPOINTS.MASTER_EXAMS.PUBLISH_TO_BANK",
    "value": "/exam/master/1/publish-to-bank/",
  },
  {
    "arity": 1,
    "kind": "function",
    "path": "ENDPOINTS.MASTER_EXAMS.REMOVE_QUESTION",
    "value": "/exam/master/1/questions/remove/",
  },
  {
    "arity": 1,
    "kind": "function",
    "path": "ENDPOINTS.MASTER_EXAMS.REORDER",
    "value": "/exam/master/1/questions/reorder/",
  },
  {
    "arity": 1,
    "kind": "function",
    "path": "ENDPOINTS.MASTER_EXAMS.RESULTS",
    "value": "/exam/master/1/results/",
  },
  {
    "arity": 1,
    "kind": "function",
    "path": "ENDPOINTS.MASTER_EXAMS.RESULTS_MATRIX_CSV",
    "value": "/exam/master/1/results/matrix.csv/",
  },
  {
    "arity": 1,
    "kind": "function",
    "path": "ENDPOINTS.MASTER_EXAMS.RESULTS_SUMMARY_CSV",
    "value": "/exam/master/1/results/summary.csv/",
  },
  {
    "arity": 1,
    "kind": "function",
    "path": "ENDPOINTS.MASTER_EXAMS.START_ATTEMPT",
    "value": "/exam/master/1/start/",
  },
  {
    "kind": "string",
    "path": "ENDPOINTS.PERMISSIONS.ROLES",
    "value": "/auth/admin/permissions/",
  },
  {
    "arity": 1,
    "kind": "function",
    "path": "ENDPOINTS.PERMISSIONS.USER",
    "value": "/auth/admin/permissions/users/1/",
  },
  {
    "kind": "string",
    "path": "ENDPOINTS.QUESTIONS.ATTEMPT_SUMMARY",
    "value": "/questions/attempt-summary/",
  },
  {
    "kind": "string",
    "path": "ENDPOINTS.QUESTIONS.AVAILABLE_COUNT",
    "value": "/questions/available-count/",
  },
  {
    "kind": "string",
    "path": "ENDPOINTS.QUESTIONS.BASE",
    "value": "/questions/",
  },
  {
    "kind": "string",
    "path": "ENDPOINTS.QUESTIONS.BATCH",
    "value": "/questions/batch/",
  },
  {
    "kind": "string",
    "path": "ENDPOINTS.QUESTIONS.BULK_TAGS",
    "value": "/questions/bulk-tags/",
  },
  {
    "kind": "string",
    "path": "ENDPOINTS.QUESTIONS.BULK_VERIFY",
    "value": "/questions/bulk-verify/",
  },
  {
    "arity": 1,
    "kind": "function",
    "path": "ENDPOINTS.QUESTIONS.CASES_DETAIL",
    "value": "/questions/cases/1/",
  },
  {
    "kind": "string",
    "path": "ENDPOINTS.QUESTIONS.CASES_LIST",
    "value": "/questions/cases/",
  },
  {
    "arity": 1,
    "kind": "function",
    "path": "ENDPOINTS.QUESTIONS.CASES_STEM",
    "value": "/questions/case/1/stem/",
  },
  {
    "arity": 1,
    "kind": "function",
    "path": "ENDPOINTS.QUESTIONS.DUPLICATE",
    "value": "/questions/1/duplicate/",
  },
  {
    "arity": 1,
    "kind": "function",
    "path": "ENDPOINTS.QUESTIONS.FLAG",
    "value": "/questions/1/flag/",
  },
  {
    "kind": "string",
    "path": "ENDPOINTS.QUESTIONS.FRAGILE",
    "value": "/questions/fragile/",
  },
  {
    "arity": 1,
    "kind": "function",
    "path": "ENDPOINTS.QUESTIONS.IMAGE",
    "value": "/questions/1/image/",
  },
  {
    "arity": 1,
    "kind": "function",
    "path": "ENDPOINTS.QUESTIONS.ITEM",
    "value": "/questions/1/",
  },
  {
    "kind": "string",
    "path": "ENDPOINTS.QUESTIONS.KNOWLEDGE_MAP",
    "value": "/questions/knowledge-map/",
  },
  {
    "arity": 1,
    "kind": "function",
    "path": "ENDPOINTS.QUESTIONS.KNOWLEDGE_OBJECT",
    "value": "/questions/knowledge-objects/1/",
  },
  {
    "kind": "string",
    "path": "ENDPOINTS.QUESTIONS.KNOWLEDGE_OBJECTS",
    "value": "/questions/knowledge-objects/",
  },
  {
    "kind": "string",
    "path": "ENDPOINTS.QUESTIONS.MISTAKES",
    "value": "/questions/mistakes/",
  },
  {
    "arity": 1,
    "kind": "function",
    "path": "ENDPOINTS.QUESTIONS.RATE",
    "value": "/questions/1/rate/",
  },
  {
    "arity": 1,
    "kind": "function",
    "path": "ENDPOINTS.QUESTIONS.RATING",
    "value": "/questions/1/rating/",
  },
  {
    "kind": "string",
    "path": "ENDPOINTS.QUESTIONS.RATINGS_BATCH",
    "value": "/questions/ratings/",
  },
  {
    "kind": "string",
    "path": "ENDPOINTS.QUESTIONS.SRS_DUE_COUNT",
    "value": "/questions/srs-due-count/",
  },
  {
    "kind": "string",
    "path": "ENDPOINTS.QUESTIONS.STUDY_NOW",
    "value": "/questions/study-now/",
  },
  {
    "kind": "string",
    "path": "ENDPOINTS.QUESTIONS.TAGS",
    "value": "/questions/tags/",
  },
  {
    "kind": "string",
    "path": "ENDPOINTS.QUESTIONS.UNVERIFIED",
    "value": "/questions/unverified/",
  },
  {
    "arity": 1,
    "kind": "function",
    "path": "ENDPOINTS.QUESTIONS.VERIFY",
    "value": "/questions/1/verify/",
  },
  {
    "kind": "string",
    "path": "ENDPOINTS.RECALL.ANSWER",
    "value": "/recall/answer/",
  },
  {
    "kind": "string",
    "path": "ENDPOINTS.RECALL.DISCARD",
    "value": "/recall/discard/",
  },
  {
    "kind": "string",
    "path": "ENDPOINTS.RECALL.PAUSE",
    "value": "/recall/pause/",
  },
  {
    "kind": "string",
    "path": "ENDPOINTS.RECALL.QUESTION",
    "value": "/recall/question/",
  },
  {
    "kind": "string",
    "path": "ENDPOINTS.RECALL.RESULTS",
    "value": "/recall/results/",
  },
  {
    "kind": "string",
    "path": "ENDPOINTS.RECALL.RESUME",
    "value": "/recall/resume/",
  },
  {
    "kind": "string",
    "path": "ENDPOINTS.RECALL.START",
    "value": "/recall/start/recall/",
  },
  {
    "kind": "string",
    "path": "ENDPOINTS.RECALL.STATUS",
    "value": "/recall/status/",
  },
  {
    "kind": "string",
    "path": "ENDPOINTS.STREAK",
    "value": "/study/streak/",
  },
  {
    "kind": "string",
    "path": "ENDPOINTS.STUDY_PLANNER.BASE",
    "value": "/study-planner/",
  },
  {
    "kind": "string",
    "path": "ENDPOINTS.STUDY_PLANNER.DELETE",
    "value": "/study-planner/delete/",
  },
  {
    "kind": "string",
    "path": "ENDPOINTS.STUDY_PLANNER.PROGRESS",
    "value": "/study-planner/progress/",
  },
  {
    "kind": "string",
    "path": "ENDPOINTS.STUDY_PLANNER.UPDATE",
    "value": "/study-planner/update/",
  },
  {
    "kind": "string",
    "path": "ENDPOINTS.STUDY.ANSWER",
    "value": "/study/answer/",
  },
  {
    "kind": "string",
    "path": "ENDPOINTS.STUDY.DISCARD",
    "value": "/study/discard/",
  },
  {
    "kind": "string",
    "path": "ENDPOINTS.STUDY.PAUSE",
    "value": "/study/pause/",
  },
  {
    "kind": "string",
    "path": "ENDPOINTS.STUDY.QUESTION",
    "value": "/study/question/",
  },
  {
    "kind": "string",
    "path": "ENDPOINTS.STUDY.RESULTS",
    "value": "/study/results/",
  },
  {
    "kind": "string",
    "path": "ENDPOINTS.STUDY.RESUME",
    "value": "/study/resume/",
  },
  {
    "kind": "string",
    "path": "ENDPOINTS.STUDY.START",
    "value": "/study/start/study/",
  },
  {
    "kind": "string",
    "path": "ENDPOINTS.STUDY.STATUS",
    "value": "/study/status/",
  },
  {
    "kind": "string",
    "path": "ENDPOINTS.TIPS",
    "value": "/tips/",
  },
]
`;
